// Jest Snapshot v1, https://goo.gl/fbAQLP

exports[`HomePage matches snapshot 1`] = `
<DocumentFragment>
  <section
    __source="[object Object]"
    class="container relative overflow-hidden"
    id="danestves-section-hero"
  >
    <div
      __source="[object Object]"
      class="absolute mt-2 -translate-x-1/2 -translate-y-1/2 top-1/2 left-1/2 md:mt-3"
    />
    <div
      __source="[object Object]"
      class="w-full max-w-[332px] -mt-16 mx-auto pl-8 pr-5 pt-3 pb-4 bg-opacity-[0.65] bg-primary backdrop-blur-sm rounded-[20px] md:-mt-32 lg:absolute lg:mr-32 lg:mt-auto lg:-translate-y-1/2 lg:top-1/2 lg:right-1/2"
    >
      <h1
        __source="[object Object]"
        class="text-2xl font-black text-white uppercase"
      >
        daniel esteves 
        <span
          __source="[object Object]"
          aria-label="victory hand"
          role="img"
        >
          ✌️
        </span>
      </h1>
      <p
        __source="[object Object]"
        class="mt-1 text-xs text-white"
      >
        Lead Frontend Developer @ 
        <a
          __source="[object Object]"
          href="https://seeed.us"
          rel="noopener noreferrer"
          target="_blank"
        >
          Seeed
        </a>
        . 
        <br
          __source="[object Object]"
        />
         
        <b
          __source="[object Object]"
        >
          Apasionado por la tecnología
        </b>
         con muchas ganas de aprender y esparcir conocimiento por toda LATAM
      </p>
    </div>
    <div
      __source="[object Object]"
      class="hidden absolute bottom-1/4 lg:block lg:right-[13%] xl:right-[20%]"
    />
  </section>
</DocumentFragment>
`;
